// Jest Snapshot v1, https://goo.gl/fbAQLP

exports[`Table renders 1`] = `
<Table
  columns={
    Object {
      "id": Object {
        "displayName": "ID",
        "isSortable": true,
        "render": [Function],
      },
      "name": Object {
        "displayName": "Name",
        "isSortable": true,
        "render": [Function],
      },
    }
  }
  getItemKey={[Function]}
  items={
    Array [
      Object {
        "id": 1,
        "name": "One",
      },
      Object {
        "id": 2,
        "name": "Two",
      },
      Object {
        "id": 3,
        "name": "Three",
      },
    ]
  }
  updateSort={[MockFunction]}
>
  <HTMLTable
    bordered={true}
    striped={true}
  >
    <table
      className="bp3-html-table bp3-html-table-bordered bp3-html-table-striped"
    >
      <thead>
        <tr>
          <Th
            isActive={false}
            isSortable={true}
            key="id"
            onClick={[Function]}
          >
            <th
              className="flotilla-th-sortable"
              onClick={[Function]}
            >
              ID
            </th>
          </Th>
          <Th
            isActive={false}
            isSortable={true}
            key="name"
            onClick={[Function]}
          >
            <th
              className="flotilla-th-sortable"
              onClick={[Function]}
            >
              Name
            </th>
          </Th>
        </tr>
      </thead>
      <tbody>
        <tr
          key="1"
        >
          <td
            key="id"
          >
            1
          </td>
          <td
            key="name"
          >
            One
          </td>
        </tr>
        <tr
          key="2"
        >
          <td
            key="id"
          >
            2
          </td>
          <td
            key="name"
          >
            Two
          </td>
        </tr>
        <tr
          key="3"
        >
          <td
            key="id"
          >
            3
          </td>
          <td
            key="name"
          >
            Three
          </td>
        </tr>
      </tbody>
    </table>
  </HTMLTable>
</Table>
`;
