// Jest Snapshot v1, https://goo.gl/fbAQLP

exports[`TaskRuns renders 1`] = `
<TaskRuns
  data={null}
  error={false}
  isLoading={false}
  requestStatus="NOT_READY"
  updateFilter={[MockFunction]}
  updatePage={[MockFunction]}
  updateSort={[MockFunction]}
>
  <Table
    columns={
      Object {
        "cluster": Object {
          "displayName": "Cluster",
          "isSortable": false,
          "render": [Function],
        },
        "finished_at": Object {
          "displayName": "Finished At",
          "isSortable": true,
          "render": [Function],
        },
        "run_id": Object {
          "displayName": "Run ID",
          "isSortable": true,
          "render": [Function],
        },
        "started_at": Object {
          "displayName": "Started At",
          "isSortable": true,
          "render": [Function],
        },
        "status": Object {
          "displayName": "Status",
          "isSortable": true,
          "render": [Function],
        },
      }
    }
    getItemKey={[Function]}
    items={Array []}
    updateSort={[MockFunction]}
  >
    <HTMLTable
      bordered={true}
      striped={true}
    >
      <table
        className="bp3-html-table bp3-html-table-bordered bp3-html-table-striped"
      >
        <thead>
          <tr>
            <Th
              isActive={false}
              isSortable={true}
              key="run_id"
              onClick={[Function]}
            >
              <th
                className="flotilla-th-sortable"
                onClick={[Function]}
              >
                Run ID
              </th>
            </Th>
            <Th
              isActive={false}
              isSortable={true}
              key="status"
              onClick={[Function]}
            >
              <th
                className="flotilla-th-sortable"
                onClick={[Function]}
              >
                Status
              </th>
            </Th>
            <Th
              isActive={false}
              isSortable={true}
              key="started_at"
              onClick={[Function]}
            >
              <th
                className="flotilla-th-sortable"
                onClick={[Function]}
              >
                Started At
              </th>
            </Th>
            <Th
              isActive={false}
              isSortable={true}
              key="finished_at"
              onClick={[Function]}
            >
              <th
                className="flotilla-th-sortable"
                onClick={[Function]}
              >
                Finished At
              </th>
            </Th>
            <Th
              isActive={false}
              isSortable={false}
              key="cluster"
              onClick={[Function]}
            >
              <th
                className=""
                onClick={[Function]}
              >
                Cluster
              </th>
            </Th>
          </tr>
        </thead>
        <tbody />
      </table>
    </HTMLTable>
  </Table>
</TaskRuns>
`;
